BL51 BANKED LINKER/LOCATER V6.22                                                        02/18/2019  19:58:19  PAGE 1


BL51 BANKED LINKER/LOCATER V6.22, INVOKED BY:
F:\KEIL_V5\C51\BIN\BL51.EXE .\Objects\STARTUP.obj, .\Objects\main.obj TO .\Objects\VFD-test PRINT (.\Listings\VFD-test.m
>> 51) RAMSIZE (256)


MEMORY MODEL: SMALL


INPUT MODULES INCLUDED:
  .\Objects\STARTUP.obj (?C_STARTUP)
  .\Objects\main.obj (MAIN)


LINK MAP OF MODULE:  .\Objects\VFD-test (?C_STARTUP)


            TYPE    BASE      LENGTH    RELOCATION   SEGMENT NAME
            -----------------------------------------------------

            * * * * * * *   D A T A   M E M O R Y   * * * * * * *
            REG     0000H     0008H     ABSOLUTE     "REG BANK 0"
            IDATA   0008H     0001H     UNIT         ?STACK

            * * * * * * *   C O D E   M E M O R Y   * * * * * * *
            CODE    0000H     0003H     ABSOLUTE     
            CODE    0003H     0800H     UNIT         ?CO?MAIN
            CODE    0803H     008AH     UNIT         ?PR?VFDINIT?MAIN
            CODE    088DH     003BH     UNIT         ?PR?TEST1?MAIN
            CODE    08C8H     0030H     UNIT         ?PR?TEST2?MAIN
            CODE    08F8H     0030H     UNIT         ?PR?TEST3?MAIN
            CODE    0928H     002AH     UNIT         ?PR?MAIN?MAIN
            CODE    0952H     001FH     UNIT         ?PR?_DELAY?MAIN
            CODE    0971H     0014H     UNIT         ?PR?_WRITEBYTE?MAIN
            CODE    0985H     000DH     UNIT         ?PR?SPIINIT?MAIN
            CODE    0992H     000CH     UNIT         ?C_C51STARTUP



OVERLAY MAP OF MODULE:   .\Objects\VFD-test (?C_STARTUP)


SEGMENT
  +--> CALLED SEGMENT
---------------------
?C_C51STARTUP
  +--> ?PR?MAIN?MAIN

?PR?MAIN?MAIN
  +--> ?PR?SPIINIT?MAIN
  +--> ?PR?VFDINIT?MAIN
  +--> ?PR?TEST1?MAIN
  +--> ?PR?_DELAY?MAIN
  +--> ?PR?TEST2?MAIN
  +--> ?PR?TEST3?MAIN

?PR?VFDINIT?MAIN
  +--> ?PR?_WRITEBYTE?MAIN

BL51 BANKED LINKER/LOCATER V6.22                                                      02/18/2019  19:58:19  PAGE 2


?PR?TEST1?MAIN
  +--> ?PR?_WRITEBYTE?MAIN
  +--> ?CO?MAIN

?PR?TEST2?MAIN
  +--> ?PR?_WRITEBYTE?MAIN

?PR?TEST3?MAIN
  +--> ?PR?_WRITEBYTE?MAIN



SYMBOL TABLE OF MODULE:  .\Objects\VFD-test (?C_STARTUP)

  VALUE           TYPE          NAME
  ----------------------------------

  -------         MODULE        ?C_STARTUP
  C:0992H         SEGMENT       ?C_C51STARTUP
  I:0008H         SEGMENT       ?STACK
  C:0000H         PUBLIC        ?C_STARTUP
  D:00E0H         SYMBOL        ACC
  D:00F0H         SYMBOL        B
  D:0083H         SYMBOL        DPH
  D:0082H         SYMBOL        DPL
  N:0000H         SYMBOL        IBPSTACK
  N:0100H         SYMBOL        IBPSTACKTOP
  N:0080H         SYMBOL        IDATALEN
  C:0995H         SYMBOL        IDATALOOP
  N:0000H         SYMBOL        PBPSTACK
  N:0100H         SYMBOL        PBPSTACKTOP
  N:0000H         SYMBOL        PDATALEN
  N:0000H         SYMBOL        PDATASTART
  N:0000H         SYMBOL        PPAGE
  N:0000H         SYMBOL        PPAGEENABLE
  D:00A0H         SYMBOL        PPAGE_SFR
  D:0081H         SYMBOL        SP
  C:0992H         SYMBOL        STARTUP1
  N:0000H         SYMBOL        XBPSTACK
  N:0000H         SYMBOL        XBPSTACKTOP
  N:0000H         SYMBOL        XDATALEN
  N:0000H         SYMBOL        XDATASTART
  C:0000H         LINE#         126
  C:0992H         LINE#         133
  C:0994H         LINE#         134
  C:0995H         LINE#         135
  C:0996H         LINE#         136
  C:0998H         LINE#         185
  C:099BH         LINE#         196
  -------         ENDMOD        ?C_STARTUP

  -------         MODULE        MAIN
  C:0000H         SYMBOL        _ICE_DUMMY_
  D:0080H         PUBLIC        P0
  C:0003H         PUBLIC        picture
  D:0090H         PUBLIC        P1
  D:00A0H         PUBLIC        P2
BL51 BANKED LINKER/LOCATER V6.22                                                      02/18/2019  19:58:19  PAGE 3


  D:00B0H         PUBLIC        P3
  D:00C0H         PUBLIC        P4
  D:00C8H         PUBLIC        P5
  D:00E8H         PUBLIC        P6
  D:00F8H         PUBLIC        P7
  D:00CEH         PUBLIC        SPCTL
  D:00A8H         PUBLIC        IE
  C:0952H         PUBLIC        _delay
  C:0803H         PUBLIC        VFDinit
  D:00B8H         PUBLIC        IP
  C:0985H         PUBLIC        SPIinit
  D:00D8H         PUBLIC        CCON
  C:0928H         PUBLIC        main
  D:0098H         PUBLIC        SCON
  D:0088H         PUBLIC        TCON
  D:008EH         PUBLIC        AUXR
  B:0090H.1       PUBLIC        VFDRET
  B:0090H.0       PUBLIC        VFDSLEEP
  D:00CDH         PUBLIC        SPSTAT
  C:097AH         PUBLIC        _writebyte
  C:088DH         PUBLIC        test1
  C:08C8H         PUBLIC        test2
  C:08F8H         PUBLIC        test3
  B:0090H.2       PUBLIC        VFDCS
  D:00D0H         PUBLIC        PSW
  D:00CFH         PUBLIC        SPDAT
  -------         PROC          SPIINIT
  C:0985H         LINE#         155
  C:0985H         LINE#         156
  C:0985H         LINE#         157
  C:0988H         LINE#         158
  C:098BH         LINE#         159
  C:098EH         LINE#         160
  C:0991H         LINE#         161
  -------         ENDPROC       SPIINIT
  C:0971H         SYMBOL        L?0033
  C:0975H         SYMBOL        L?0034
  -------         PROC          L?0032
  -------         ENDPROC       L?0032
  C:0971H         SYMBOL        L?0033
  C:0975H         SYMBOL        L?0034
  -------         PROC          _WRITEBYTE
  D:0007H         SYMBOL        ch
  C:097AH         LINE#         163
  C:097AH         LINE#         164
  C:097AH         LINE#         165
  C:097CH         LINE#         166
  C:0981H         LINE#         167
  C:0984H         LINE#         168
  -------         ENDPROC       _WRITEBYTE
  -------         PROC          _DELAY
  D:0006H         SYMBOL        t
  -------         DO            
  D:0004H         SYMBOL        i
  -------         ENDDO         
  C:0952H         LINE#         170
  C:0952H         LINE#         171
BL51 BANKED LINKER/LOCATER V6.22                                                      02/18/2019  19:58:19  PAGE 4


  C:0952H         LINE#         173
  C:095CH         LINE#         174
  C:095CH         LINE#         175
  C:0970H         LINE#         176
  C:0970H         LINE#         177
  -------         ENDPROC       _DELAY
  -------         PROC          VFDINIT
  C:0803H         LINE#         181
  C:0803H         LINE#         182
  C:0803H         LINE#         183
  C:0805H         LINE#         184
  C:080AH         LINE#         185
  C:080CH         LINE#         186
  C:080FH         LINE#         187
  C:0811H         LINE#         188
  C:0813H         LINE#         189
  C:0818H         LINE#         190
  C:081DH         LINE#         191
  C:081FH         LINE#         192
  C:0822H         LINE#         193
  C:0827H         LINE#         194
  C:082CH         LINE#         195
  C:082FH         LINE#         196
  C:0832H         LINE#         197
  C:0834H         LINE#         198
  C:0836H         LINE#         199
  C:083BH         LINE#         200
  C:0840H         LINE#         201
  C:0842H         LINE#         202
  C:0845H         LINE#         203
  C:084AH         LINE#         204
  C:084CH         LINE#         205
  C:084EH         LINE#         206
  C:0850H         LINE#         207
  C:0853H         LINE#         208
  C:0856H         LINE#         209
  C:0858H         LINE#         210
  C:085AH         LINE#         211
  C:085CH         LINE#         212
  C:085FH         LINE#         213
  C:0862H         LINE#         214
  C:0864H         LINE#         215
  C:0866H         LINE#         216
  C:0868H         LINE#         217
  C:086BH         LINE#         218
  C:0870H         LINE#         219
  C:0875H         LINE#         220
  C:0877H         LINE#         221
  C:0879H         LINE#         222
  C:087EH         LINE#         223
  C:0883H         LINE#         224
  C:0888H         LINE#         225
  C:088AH         LINE#         226
  C:088CH         LINE#         227
  -------         ENDPROC       VFDINIT
  -------         PROC          TEST1
  -------         DO            
BL51 BANKED LINKER/LOCATER V6.22                                                      02/18/2019  19:58:19  PAGE 5


  D:0004H         SYMBOL        j
  -------         ENDDO         
  C:088DH         LINE#         229
  C:088DH         LINE#         230
  C:088DH         LINE#         233
  C:088DH         LINE#         234
  C:088DH         LINE#         235
  C:0890H         LINE#         236
  C:0895H         LINE#         237
  C:089AH         LINE#         238
  C:08B8H         LINE#         239
  C:08BAH         LINE#         240
  C:08BCH         LINE#         241
  C:08C1H         LINE#         242
  C:08C5H         LINE#         243
  C:08C7H         LINE#         244
  -------         ENDPROC       TEST1
  -------         PROC          TEST2
  -------         DO            
  D:0004H         SYMBOL        j
  -------         ENDDO         
  C:08C8H         LINE#         246
  C:08C8H         LINE#         247
  C:08C8H         LINE#         250
  C:08C8H         LINE#         251
  C:08C8H         LINE#         252
  C:08CBH         LINE#         253
  C:08D0H         LINE#         254
  C:08D5H         LINE#         255
  C:08E8H         LINE#         256
  C:08EAH         LINE#         257
  C:08ECH         LINE#         258
  C:08F1H         LINE#         259
  C:08F5H         LINE#         260
  C:08F7H         LINE#         261
  -------         ENDPROC       TEST2
  -------         PROC          TEST3
  -------         DO            
  D:0004H         SYMBOL        j
  -------         ENDDO         
  C:08F8H         LINE#         262
  C:08F8H         LINE#         263
  C:08F8H         LINE#         266
  C:08F8H         LINE#         267
  C:08F8H         LINE#         268
  C:08FBH         LINE#         269
  C:0900H         LINE#         270
  C:0905H         LINE#         271
  C:0918H         LINE#         272
  C:091AH         LINE#         273
  C:091CH         LINE#         274
  C:0921H         LINE#         275
  C:0925H         LINE#         276
  C:0927H         LINE#         277
  -------         ENDPROC       TEST3
  -------         PROC          MAIN
  C:0928H         LINE#         278
BL51 BANKED LINKER/LOCATER V6.22                                                      02/18/2019  19:58:19  PAGE 6


  C:0928H         LINE#         279
  C:0928H         LINE#         280
  C:092AH         LINE#         281
  C:092CH         LINE#         282
  C:092FH         LINE#         283
  C:0932H         LINE#         284
  C:0932H         LINE#         285
  C:0932H         LINE#         288
  C:0935H         LINE#         290
  C:093CH         LINE#         291
  C:093FH         LINE#         292
  C:0946H         LINE#         293
  C:0949H         LINE#         294
  C:0950H         LINE#         295
  -------         ENDPROC       MAIN
  -------         ENDMOD        MAIN

Program Size: data=9.0 xdata=0 code=2462
LINK/LOCATE RUN COMPLETE.  0 WARNING(S),  0 ERROR(S)
